Creating bot...
Deleting webhook...
Starting polling...
